Archive member included to satisfy reference by file (symbol)

/usr/share/segger_embedded_studio_for_arm_3.34b/lib/libc_v7em_fpv4_sp_d16_hard_t_le_eabi.a(libc2_asm.o)
                              Output/blinky_pca10059_mbr Release/Obj/nrf_memobj.o (memcpy)
/usr/share/segger_embedded_studio_for_arm_3.34b/lib/libdebugio_v7em_fpv4_sp_d16_hard_t_le_eabi.a(libdebugio.o)
                              Output/blinky_pca10059_mbr Release/Obj/thumb_crt0.o (debug_fopen)
/usr/share/segger_embedded_studio_for_arm_3.34b/lib/libdebugio_mempoll_v7em_fpv4_sp_d16_hard_t_le_eabi.a(mempoll_debug_operations.o)
                              /usr/share/segger_embedded_studio_for_arm_3.34b/lib/libdebugio_v7em_fpv4_sp_d16_hard_t_le_eabi.a(libdebugio.o) (__do_debug_operation)
/usr/share/segger_embedded_studio_for_arm_3.34b/lib/libdebugio_mempoll_v7em_fpv4_sp_d16_hard_t_le_eabi.a(do_nv_debug_operation.o)
                              /usr/share/segger_embedded_studio_for_arm_3.34b/lib/libdebugio_v7em_fpv4_sp_d16_hard_t_le_eabi.a(libdebugio.o) (__do_nvdebug_operation)
/usr/share/segger_embedded_studio_for_arm_3.34b/lib/libm_v7em_fpv4_sp_d16_hard_t_le_eabi.a(libm_asm.o)
                              /usr/share/segger_embedded_studio_for_arm_3.34b/lib/libvfscanf_v7em_fpv4_sp_d16_hard_t_le_eabi.o (__aeabi_i2d)
/usr/share/segger_embedded_studio_for_arm_3.34b/lib/libm_v7em_fpv4_sp_d16_hard_t_le_eabi.a(libm2.o)
                              /usr/share/segger_embedded_studio_for_arm_3.34b/lib/libvfprintf_v7em_fpv4_sp_d16_hard_t_le_eabi.o (frexp)
/usr/share/segger_embedded_studio_for_arm_3.34b/lib/libm_v7em_fpv4_sp_d16_hard_t_le_eabi.a(libm2_asm.o)
                              /usr/share/segger_embedded_studio_for_arm_3.34b/lib/libm_v7em_fpv4_sp_d16_hard_t_le_eabi.a(libm2.o) (fabs)
/usr/share/segger_embedded_studio_for_arm_3.34b/lib/libc_v7em_fpv4_sp_d16_hard_t_le_eabi.a(libc_asm.o)
                              /usr/share/segger_embedded_studio_for_arm_3.34b/lib/libvfprintf_v7em_fpv4_sp_d16_hard_t_le_eabi.o (__aeabi_uldivmod)
/usr/share/segger_embedded_studio_for_arm_3.34b/lib/libc_v7em_fpv4_sp_d16_hard_t_le_eabi.a(libc2.o)
                              /usr/share/segger_embedded_studio_for_arm_3.34b/lib/libvfscanf_v7em_fpv4_sp_d16_hard_t_le_eabi.o (__getc)

Discarded input sections

 .text          0x0000000000000000        0x0 Output/blinky_pca10059_mbr Release/Obj/thumb_crt0.o
 .data          0x0000000000000000        0x0 Output/blinky_pca10059_mbr Release/Obj/thumb_crt0.o
 .bss           0x0000000000000000        0x0 Output/blinky_pca10059_mbr Release/Obj/thumb_crt0.o
 .text.__aeabi_read_tp
                0x0000000000000000        0x8 Output/blinky_pca10059_mbr Release/Obj/thumb_crt0.o
 .text.__heap_lock
                0x0000000000000000        0x2 Output/blinky_pca10059_mbr Release/Obj/thumb_crt0.o
 .text.__heap_unlock
                0x0000000000000000        0x2 Output/blinky_pca10059_mbr Release/Obj/thumb_crt0.o
 .text.__printf_lock
                0x0000000000000000        0x2 Output/blinky_pca10059_mbr Release/Obj/thumb_crt0.o
 .text.__printf_unlock
                0x0000000000000000        0x2 Output/blinky_pca10059_mbr Release/Obj/thumb_crt0.o
 .text.__scanf_lock
                0x0000000000000000        0x2 Output/blinky_pca10059_mbr Release/Obj/thumb_crt0.o
 .text.__scanf_unlock
                0x0000000000000000        0x2 Output/blinky_pca10059_mbr Release/Obj/thumb_crt0.o
 .text.__debug_io_lock
                0x0000000000000000        0x2 Output/blinky_pca10059_mbr Release/Obj/thumb_crt0.o
 .text.__debug_io_unlock
                0x0000000000000000        0x2 Output/blinky_pca10059_mbr Release/Obj/thumb_crt0.o
 .text.abort    0x0000000000000000        0x2 Output/blinky_pca10059_mbr Release/Obj/thumb_crt0.o
 .text.__assert
                0x0000000000000000        0x2 Output/blinky_pca10059_mbr Release/Obj/thumb_crt0.o
 .text.__aeabi_assert
                0x0000000000000000        0x2 Output/blinky_pca10059_mbr Release/Obj/thumb_crt0.o
 .text.__cxa_pure_virtual
                0x0000000000000000        0x2 Output/blinky_pca10059_mbr Release/Obj/thumb_crt0.o
 .text.__cxa_guard_acquire
                0x0000000000000000       0x10 Output/blinky_pca10059_mbr Release/Obj/thumb_crt0.o
 .text.__cxa_guard_release
                0x0000000000000000        0x6 Output/blinky_pca10059_mbr Release/Obj/thumb_crt0.o
 .text.__cxa_guard_abort
                0x0000000000000000        0x2 Output/blinky_pca10059_mbr Release/Obj/thumb_crt0.o
 .text.__sync_synchronize
                0x0000000000000000        0x2 Output/blinky_pca10059_mbr Release/Obj/thumb_crt0.o
 .text.__getchar
                0x0000000000000000        0x4 Output/blinky_pca10059_mbr Release/Obj/thumb_crt0.o
 .text.__putchar
                0x0000000000000000        0x4 Output/blinky_pca10059_mbr Release/Obj/thumb_crt0.o
 .text.__open   0x0000000000000000        0x4 Output/blinky_pca10059_mbr Release/Obj/thumb_crt0.o
[...]
Memory Configuration

Name             Origin             Length             Attributes
UNPLACED_SECTIONS 0x0000000100000000 0x0000000000000000 xw
RAM              0x0000000020000000 0x0000000000040000 xw
FLASH            0x0000000000000000 0x0000000000100000 xw
*default*        0x0000000000000000 0xffffffffffffffff

Linker script and memory map

                0x0000000000000000                __vfprintf = __vfprintf_long
                0x0000000000000000                __vfscanf = __vfscanf_long
                0x0000000020000000                __RAM_segment_start__ = 0x20000000
                0x0000000020040000                __RAM_segment_end__ = 0x20040000
                0x0000000000040000                __RAM_segment_size__ = 0x40000
                0x0000000000000000                __FLASH_segment_start__ = 0x0
                0x0000000000100000                __FLASH_segment_end__ = 0x100000
                0x0000000000100000                __FLASH_segment_size__ = 0x100000
                0x0000000000002000                __HEAPSIZE__ = 0x2000
                0x0000000000000000                __STACKSIZE_ABT__ = 0x0
                0x0000000000000000                __STACKSIZE_FIQ__ = 0x0
                0x0000000000000000                __STACKSIZE_IRQ__ = 0x0
                0x0000000000000000                __STACKSIZE_PROCESS__ = 0x0
                0x0000000000000000                __STACKSIZE_SVC__ = 0x0
                0x0000000000000000                __STACKSIZE_UND__ = 0x0
                0x0000000000002000                __STACKSIZE__ = 0x2000
                0x0000000020000000                __reserved_ram_load_start__ = 0x20000000

.reserved_ram   0x0000000020000000        0x8
                0x0000000020000000                __reserved_ram_start__ = .
 *(.reserved_ram .reserved_ram.*)
                0x0000000020000008                . = MAX (((__reserved_ram_start__ + 0x20000008) - 0x20000000), .)
 *fill*         0x0000000020000000        0x8 
                0x0000000020000008                __reserved_ram_end__ = (__reserved_ram_start__ + SIZEOF (.reserved_ram))
                0x0000000000000008                __reserved_ram_size__ = SIZEOF (.reserved_ram)
                0x0000000020000008                __reserved_ram_load_end__ = __reserved_ram_end__
                0x0000000000000001                . = ASSERT (((__reserved_ram_start__ == __reserved_ram_end__) || ((__reserved_ram_end__ >= __RAM_segment_start__) && (__reserved_ram_end__ <= __RAM_segment_end__))), error: .reserved_ram is too large to fit in RAM memory segment)
                0x0000000020000008                __vectors_ram_load_start__ = 0x20000008

.vectors_ram    0x0000000020000008        0x0
                0x0000000020000008                __vectors_ram_start__ = .
                0x0000000020000008                __app_ram_start__ = __vectors_ram_start__
 *(.vectors_ram .vectors_ram.*)
                0x0000000020000008                __vectors_ram_end__ = (__vectors_ram_start__ + SIZEOF (.vectors_ram))
                0x0000000000000000                __vectors_ram_size__ = SIZEOF (.vectors_ram)
                0x0000000020000008                __vectors_ram_load_end__ = __vectors_ram_end__
                0x0000000000000001                . = ASSERT (((__vectors_ram_start__ == __vectors_ram_end__) || ((__vectors_ram_end__ >= __RAM_segment_start__) && (__vectors_ram_end__ <= __RAM_segment_end__))), error: .vectors_ram is too large to fit in RAM memory segment)
                0x0000000000000001                . = ASSERT ((__reserved_ram_end__ <= __vectors_ram_start__), error: section .reserved_ram overlaps absolute placed section .vectors_ram)
                0x0000000020000008                __nrf_sections_run_load_start__ = ALIGN (__vectors_ram_end__, 0x4)

.nrf_sections_run
                0x0000000020000008        0x0
                0x0000000020000008                __nrf_sections_run_start__ = .
                0x0000000020000008                __start_nrf_sections_run = __nrf_sections_run_start__
 *(.nrf_sections_run .nrf_sections_run.*)
                0x0000000020000008                __nrf_sections_run_end__ = (__nrf_sections_run_start__ + SIZEOF (.nrf_sections_run))
                0x0000000000000000                __nrf_sections_run_size__ = SIZEOF (.nrf_sections_run)
                0x0000000020000008                __nrf_sections_run_load_end__ = __nrf_sections_run_end__
                0x0000000000000001                . = ASSERT (((__nrf_sections_run_start__ == __nrf_sections_run_end__) || ((__nrf_sections_run_end__ >= __RAM_segment_start__) && (__nrf_sections_run_end__ <= __RAM_segment_end__))), error: .nrf_sections_run is too large to fit in RAM memory segment)
                0x0000000000000000                __reserved_flash_load_start__ = 0x0

.reserved_flash
                0x0000000000000000     0x1000
                0x0000000000000000                __reserved_flash_start__ = .
 *(.reserved_flash .reserved_flash.*)
                0x0000000000001000                . = MAX (((__reserved_flash_start__ + 0x1000) - 0x0), .)
 *fill*         0x0000000000000000     0x1000 
                0x0000000000001000                __reserved_flash_end__ = (__reserved_flash_start__ + SIZEOF (.reserved_flash))
                0x0000000000001000                __reserved_flash_size__ = SIZEOF (.reserved_flash)
                0x0000000000001000                __reserved_flash_load_end__ = __reserved_flash_end__
                0x0000000000000001                . = ASSERT (((__reserved_flash_start__ == __reserved_flash_end__) || ((__reserved_flash_end__ >= __FLASH_segment_start__) && (__reserved_flash_end__ <= __FLASH_segment_end__))), error: .reserved_flash is too large to fit in FLASH memory segment)
                0x0000000000001000                __vectors_load_start__ = 0x1000

.vectors        0x0000000000001000      0x200
                0x0000000000001000                __vectors_start__ = .
 *(.vectors .vectors.*)
 .vectors       0x0000000000001000      0x200 Output/blinky_pca10059_mbr Release/Obj/ses_startup_nrf52840.o
                0x0000000000001000                _vectors
                0x0000000000001200                __vectors_end__ = (__vectors_start__ + SIZEOF (.vectors))
                0x0000000000000200                __vectors_size__ = SIZEOF (.vectors)
                0x0000000000001200                __vectors_load_end__ = __vectors_end__
                0x0000000000000001                . = ASSERT (((__vectors_start__ == __vectors_end__) || ((__vectors_end__ >= __FLASH_segment_start__) && (__vectors_end__ <= __FLASH_segment_end__))), error: .vectors is too large to fit in FLASH memory segment)
                0x0000000000000001                . = ASSERT ((__reserved_flash_end__ <= __vectors_start__), error: section .reserved_flash overlaps absolute placed section .vectors)
                0x0000000000001200                __init_load_start__ = ALIGN (__vectors_end__, 0x4)

.init           0x0000000000001200      0x1d4
                0x0000000000001200                __init_start__ = .
 *(.init .init.*)
 .init          0x0000000000001200      0x160 Output/blinky_pca10059_mbr Release/Obj/thumb_crt0.o
                0x0000000000001200                _start
                0x00000000000012b6                exit
 .init          0x0000000000001360       0x18 Output/blinky_pca10059_mbr Release/Obj/ses_startup_nrf52840.o
                0x0000000000001360                NMI_Handler
                0x0000000000001362                HardFault_Handler
                0x0000000000001364                MemoryManagement_Handler
                0x0000000000001366                BusFault_Handler
                0x0000000000001368                UsageFault_Handler
                0x000000000000136a                SVC_Handler
                0x000000000000136c                DebugMon_Handler
                0x000000000000136e                PendSV_Handler
                0x0000000000001370                SysTick_Handler
                0x0000000000001372                TIMER2_IRQHandler
                0x0000000000001372                RTC0_IRQHandler
                0x0000000000001372                SWI0_EGU0_IRQHandler
                0x0000000000001372                SWI2_EGU2_IRQHandler
                0x0000000000001372                GPIOTE_IRQHandler
                0x0000000000001372                PWM1_IRQHandler
                0x0000000000001372                POWER_CLOCK_IRQHandler
                0x0000000000001372                RADIO_IRQHandler
                0x0000000000001372                PDM_IRQHandler
                0x0000000000001372                TEMP_IRQHandler
                0x0000000000001372                QDEC_IRQHandler
                0x0000000000001372                TIMER3_IRQHandler
                0x0000000000001372                PWM3_IRQHandler
                0x0000000000001372                FPU_IRQHandler
                0x0000000000001372                USBD_IRQHandler
                0x0000000000001372                SPIM0_SPIS0_TWIM0_TWIS0_SPI0_TWI0_IRQHandler
                0x0000000000001372                UARTE0_UART0_IRQHandler
                0x0000000000001372                TIMER4_IRQHandler
                0x0000000000001372                CRYPTOCELL_IRQHandler
                0x0000000000001372                I2S_IRQHandler
                0x0000000000001372                SWI4_EGU4_IRQHandler
                0x0000000000001372                TIMER0_IRQHandler
                0x0000000000001372                UARTE1_IRQHandler
                0x0000000000001372                Dummy_Handler
                0x0000000000001372                TIMER1_IRQHandler
                0x0000000000001372                SPIM3_IRQHandler
                0x0000000000001372                PWM2_IRQHandler
                0x0000000000001372                ECB_IRQHandler
                0x0000000000001372                SPIM1_SPIS1_TWIM1_TWIS1_SPI1_TWI1_IRQHandler
                0x0000000000001372                SAADC_IRQHandler
                0x0000000000001372                CCM_AAR_IRQHandler
                0x0000000000001372                WDT_IRQHandler
                0x0000000000001372                SWI5_EGU5_IRQHandler
                0x0000000000001372                RNG_IRQHandler
                0x0000000000001372                RTC2_IRQHandler
                0x0000000000001372                PWM0_IRQHandler
                0x0000000000001372                SWI3_EGU3_IRQHandler
                0x0000000000001372                RTC1_IRQHandler
                0x0000000000001372                SWI1_EGU1_IRQHandler
                0x0000000000001372                SPIM2_SPIS2_SPI2_IRQHandler
                0x0000000000001372                NFCT_IRQHandler
                0x0000000000001372                MWU_IRQHandler
                0x0000000000001372                QSPI_IRQHandler
                0x0000000000001372                COMP_LPCOMP_IRQHandler
                0x0000000000001374                nRFInitialize
 .init          0x0000000000001378       0x5c Output/blinky_pca10059_mbr Release/Obj/ses_startup_nrf_common.o
                0x0000000000001378                Reset_Handler
                0x000000000000137c                afterInitialize
                0x00000000000013a0                InitializeUserMemorySections
                0x00000000000013d4                __init_end__ = (__init_start__ + SIZEOF (.init))
                0x00000000000001d4                __init_size__ = SIZEOF (.init)
                0x00000000000013d4                __init_load_end__ = __init_end__
                0x0000000000000001                . = ASSERT (((__init_start__ == __init_end__) || ((__init_end__ >= __FLASH_segment_start__) && (__init_end__ <= __FLASH_segment_end__))), error: .init is too large to fit in FLASH memory segment)
                0x00000000000013d4                __init_rodata_load_start__ = ALIGN (__init_end__, 0x4)

.init_rodata    0x00000000000013d4        0x0
                0x00000000000013d4                __init_rodata_start__ = .
 *(.init_rodata .init_rodata.*)
                0x00000000000013d4                __init_rodata_end__ = (__init_rodata_start__ + SIZEOF (.init_rodata))
                0x0000000000000000                __init_rodata_size__ = SIZEOF (.init_rodata)
                0x00000000000013d4                __init_rodata_load_end__ = __init_rodata_end__
                0x0000000000000001                . = ASSERT (((__init_rodata_start__ == __init_rodata_end__) || ((__init_rodata_end__ >= __FLASH_segment_start__) && (__init_rodata_end__ <= __FLASH_segment_end__))), error: .init_rodata is too large to fit in FLASH memory segment)
                0x00000000000013d4                __text_load_start__ = ALIGN (__init_rodata_end__, 0x4)

.text           0x00000000000013d4      0x344
                0x00000000000013d4                __text_start__ = .
 *(.text .text.* .glue_7t .glue_7 .gnu.linkonce.t.* .gcc_except_table .ARM.extab* .gnu.linkonce.armextab.*)
 .glue_7        0x00000000000013d4        0x0 linker stubs
 .glue_7t       0x00000000000013d4        0x0 linker stubs
 .text.bsp_board_led_off
                0x00000000000013d4       0x28 Output/blinky_pca10059_mbr Release/Obj/boards.o
                0x00000000000013d4                bsp_board_led_off
 .text.bsp_board_leds_off
                0x00000000000013fc       0x1e Output/blinky_pca10059_mbr Release/Obj/boards.o
                0x00000000000013fc                bsp_board_leds_off
 *fill*         0x000000000000141a        0x2 
 .text.bsp_board_led_invert
                0x000000000000141c       0x34 Output/blinky_pca10059_mbr Release/Obj/boards.o
                0x000000000000141c                bsp_board_led_invert
 .text.bsp_board_init
                0x0000000000001450       0xc0 Output/blinky_pca10059_mbr Release/Obj/boards.o
                0x0000000000001450                bsp_board_init
 .text.startup.main
                0x0000000000001510       0x30 Output/blinky_pca10059_mbr Release/Obj/main.o
                0x0000000000001510                main
 .text.errata_120
                0x0000000000001540       0x20 Output/blinky_pca10059_mbr Release/Obj/system_nrf52840.o
 .text.SystemInit
                0x0000000000001560      0x1b8 Output/blinky_pca10059_mbr Release/Obj/system_nrf52840.o
                0x0000000000001560                SystemInit
                0x0000000000001718                __text_end__ = (__text_start__ + SIZEOF (.text))
                0x0000000000000344                __text_size__ = SIZEOF (.text)
                0x0000000000001718                __text_load_end__ = __text_end__

.vfp11_veneer   0x0000000100000000        0x0
 .vfp11_veneer  0x0000000100000000        0x0 linker stubs

.v4_bx          0x0000000100000000        0x0
 .v4_bx         0x0000000100000000        0x0 linker stubs

.iplt           0x0000000100000000        0x0
 .iplt          0x0000000100000000        0x0 Output/blinky_pca10059_mbr Release/Obj/thumb_crt0.o
                0x0000000000000001                . = ASSERT (((__text_start__ == __text_end__) || ((__text_end__ >= __FLASH_segment_start__) && (__text_end__ <= __FLASH_segment_end__))), error: .text is too large to fit in FLASH memory segment)
                0x0000000000001718                __log_const_data_load_start__ = ALIGN (__text_end__, 0x4)

.log_const_data
                0x0000000000001718        0x0
                0x0000000000001718                __log_const_data_start__ = .
                0x0000000000001718                __start_log_const_data = __log_const_data_start__
 *(SORT(.log_const_data*))
                0x0000000000001718                __log_const_data_end__ = (__log_const_data_start__ + SIZEOF (.log_const_data))
                0x0000000000000000                __log_const_data_size__ = SIZEOF (.log_const_data)
                0x0000000000001718                __stop_log_const_data = __log_const_data_end__
                0x0000000000001718                __log_const_data_load_end__ = __log_const_data_end__
                0x0000000000000001                . = ASSERT (((__log_const_data_start__ == __log_const_data_end__) || ((__log_const_data_end__ >= __FLASH_segment_start__) && (__log_const_data_end__ <= __FLASH_segment_end__))), error: .log_const_data is too large to fit in FLASH memory segment)
                0x0000000000001718                __log_backends_load_start__ = ALIGN (__log_const_data_end__, 0x4)

.log_backends   0x0000000000001718        0x0
                0x0000000000001718                __log_backends_start__ = .
                0x0000000000001718                __start_log_backends = __log_backends_start__
 *(SORT(.log_backends*))
                0x0000000000001718                __log_backends_end__ = (__log_backends_start__ + SIZEOF (.log_backends))
                0x0000000000000000                __log_backends_size__ = SIZEOF (.log_backends)
                0x0000000000001718                __stop_log_backends = __log_backends_end__
                0x0000000000001718                __log_backends_load_end__ = __log_backends_end__
                0x0000000000000001                . = ASSERT (((__log_backends_start__ == __log_backends_end__) || ((__log_backends_end__ >= __FLASH_segment_start__) && (__log_backends_end__ <= __FLASH_segment_end__))), error: .log_backends is too large to fit in FLASH memory segment)
                0x0000000000001718                __nrf_balloc_load_start__ = ALIGN (__log_backends_end__, 0x4)

.nrf_balloc     0x0000000000001718        0x0
                0x0000000000001718                __nrf_balloc_start__ = .
                0x0000000000001718                __start_nrf_balloc = __nrf_balloc_start__
 *(.nrf_balloc*)
                0x0000000000001718                __nrf_balloc_end__ = (__nrf_balloc_start__ + SIZEOF (.nrf_balloc))
                0x0000000000000000                __nrf_balloc_size__ = SIZEOF (.nrf_balloc)
                0x0000000000001718                __stop_nrf_balloc = __nrf_balloc_end__
                0x0000000000001718                __nrf_balloc_load_end__ = __nrf_balloc_end__
                0x0000000000000001                . = ASSERT (((__nrf_balloc_start__ == __nrf_balloc_end__) || ((__nrf_balloc_end__ >= __FLASH_segment_start__) && (__nrf_balloc_end__ <= __FLASH_segment_end__))), error: .nrf_balloc is too large to fit in FLASH memory segment)
                0x0000000000001718                __nrf_sections_load_start__ = ALIGN (__nrf_balloc_end__, 0x4)

.nrf_sections   0x0000000000001718        0x0
                0x0000000000001718                __nrf_sections_start__ = .
                0x0000000000001718                __start_nrf_sections = __nrf_sections_start__
 *(.nrf_sections .nrf_sections.*)
                0x0000000000001718                __nrf_sections_end__ = (__nrf_sections_start__ + SIZEOF (.nrf_sections))
                0x0000000000000000                __nrf_sections_size__ = SIZEOF (.nrf_sections)
                0x0000000000001718                __nrf_sections_load_end__ = __nrf_sections_end__
                0x0000000000000001                . = ASSERT (((__nrf_sections_start__ == __nrf_sections_end__) || ((__nrf_sections_end__ >= __FLASH_segment_start__) && (__nrf_sections_end__ <= __FLASH_segment_end__))), error: .nrf_sections is too large to fit in FLASH memory segment)
                0x0000000000001718                __log_dynamic_data_load_start__ = ALIGN (__nrf_sections_end__, 0x4)

.log_dynamic_data
                0x0000000020000008        0x0 load address 0x0000000000001718
                0x0000000020000008                __log_dynamic_data_start__ = .
 *(SORT(.log_dynamic_data*))
                0x0000000020000008                __log_dynamic_data_end__ = (__log_dynamic_data_start__ + SIZEOF (.log_dynamic_data))
                0x0000000000000000                __log_dynamic_data_size__ = SIZEOF (.log_dynamic_data)
                0x0000000000001718                __log_dynamic_data_load_end__ = (__log_dynamic_data_load_start__ + SIZEOF (.log_dynamic_data))
                0x0000000000000001                . = ASSERT (((__log_dynamic_data_load_start__ == __log_dynamic_data_load_end__) || ((__log_dynamic_data_load_end__ >= __FLASH_segment_start__) && (__log_dynamic_data_load_end__ <= __FLASH_segment_end__))), error: .log_dynamic_data is too large to fit in FLASH memory segment)

.log_dynamic_data_run
                0x0000000020000008        0x0
                0x0000000020000008                __log_dynamic_data_run_start__ = .
                0x0000000020000008                __start_log_dynamic_data = __log_dynamic_data_run_start__
                0x0000000020000008                . = MAX ((__log_dynamic_data_run_start__ + SIZEOF (.log_dynamic_data)), .)
                0x0000000020000008                __log_dynamic_data_run_end__ = (__log_dynamic_data_run_start__ + SIZEOF (.log_dynamic_data_run))
                0x0000000000000000                __log_dynamic_data_run_size__ = SIZEOF (.log_dynamic_data_run)
                0x0000000020000008                __stop_log_dynamic_data = __log_dynamic_data_run_end__
                0x0000000020000008                __log_dynamic_data_run_load_end__ = __log_dynamic_data_run_end__
                0x0000000000000001                . = ASSERT (((__log_dynamic_data_run_start__ == __log_dynamic_data_run_end__) || ((__log_dynamic_data_run_end__ >= __RAM_segment_start__) && (__log_dynamic_data_run_end__ <= __RAM_segment_end__))), error: .log_dynamic_data_run is too large to fit in RAM memory segment)
                0x0000000000001718                __log_filter_data_load_start__ = ALIGN ((__log_dynamic_data_load_start__ + SIZEOF (.log_dynamic_data)), 0x4)

.log_filter_data
                0x0000000020000008        0x0 load address 0x0000000000001718
                0x0000000020000008                __log_filter_data_start__ = .
 *(SORT(.log_filter_data*))
                0x0000000020000008                __log_filter_data_end__ = (__log_filter_data_start__ + SIZEOF (.log_filter_data))
                0x0000000000000000                __log_filter_data_size__ = SIZEOF (.log_filter_data)
                0x0000000000001718                __log_filter_data_load_end__ = (__log_filter_data_load_start__ + SIZEOF (.log_filter_data))
                0x0000000000000001                . = ASSERT (((__log_filter_data_load_start__ == __log_filter_data_load_end__) || ((__log_filter_data_load_end__ >= __FLASH_segment_start__) && (__log_filter_data_load_end__ <= __FLASH_segment_end__))), error: .log_filter_data is too large to fit in FLASH memory segment)

.log_filter_data_run
                0x0000000020000008        0x0
                0x0000000020000008                __log_filter_data_run_start__ = .
                0x0000000020000008                __start_log_filter_data = __log_filter_data_run_start__
                0x0000000020000008                . = MAX ((__log_filter_data_run_start__ + SIZEOF (.log_filter_data)), .)
                0x0000000020000008                __log_filter_data_run_end__ = (__log_filter_data_run_start__ + SIZEOF (.log_filter_data_run))
                0x0000000000000000                __log_filter_data_run_size__ = SIZEOF (.log_filter_data_run)
                0x0000000020000008                __stop_log_filter_data = __log_filter_data_run_end__
                0x0000000020000008                __log_filter_data_run_load_end__ = __log_filter_data_run_end__
                0x0000000000000001                . = ASSERT (((__log_filter_data_run_start__ == __log_filter_data_run_end__) || ((__log_filter_data_run_end__ >= __RAM_segment_start__) && (__log_filter_data_run_end__ <= __RAM_segment_end__))), error: .log_filter_data_run is too large to fit in RAM memory segment)
                0x0000000020000008                __nrf_sections_run_end_load_start__ = ALIGN (__log_filter_data_run_end__, 0x4)

.nrf_sections_run_end
                0x0000000020000008        0x0
                0x0000000020000008                __nrf_sections_run_end_start__ = .
                0x0000000020000008                __end_nrf_sections_run = __nrf_sections_run_end_start__
 *(.nrf_sections_run_end .nrf_sections_run_end.*)
                0x0000000020000008                __nrf_sections_run_end_end__ = (__nrf_sections_run_end_start__ + SIZEOF (.nrf_sections_run_end))
                0x0000000000000000                __nrf_sections_run_end_size__ = SIZEOF (.nrf_sections_run_end)
                0x0000000020000008                __nrf_sections_run_end_load_end__ = __nrf_sections_run_end_end__
                0x0000000000000001                . = ASSERT (((__nrf_sections_run_end_start__ == __nrf_sections_run_end_end__) || ((__nrf_sections_run_end_end__ >= __RAM_segment_start__) && (__nrf_sections_run_end_end__ <= __RAM_segment_end__))), error: .nrf_sections_run_end is too large to fit in RAM memory segment)
                0x0000000000001718                __dtors_load_start__ = ALIGN ((__log_filter_data_load_start__ + SIZEOF (.log_filter_data)), 0x4)

.dtors          0x0000000000001718        0x0
                0x0000000000001718                __dtors_start__ = .
 *(SORT(.dtors.*))
 *(.dtors)
 *(.fini_array)
 *(SORT(.fini_array.*))
                0x0000000000001718                __dtors_end__ = (__dtors_start__ + SIZEOF (.dtors))
                0x0000000000000000                __dtors_size__ = SIZEOF (.dtors)
                0x0000000000001718                __dtors_load_end__ = __dtors_end__
                0x0000000000000001                . = ASSERT (((__dtors_start__ == __dtors_end__) || ((__dtors_end__ >= __FLASH_segment_start__) && (__dtors_end__ <= __FLASH_segment_end__))), error: .dtors is too large to fit in FLASH memory segment)
                0x0000000000001718                __ctors_load_start__ = ALIGN (__dtors_end__, 0x4)

.ctors          0x0000000000001718        0x0
                0x0000000000001718                __ctors_start__ = .
 *(SORT(.ctors.*))
 *(.ctors)
 *(.init_array)
 *(SORT(.init_array.*))
                0x0000000000001718                __ctors_end__ = (__ctors_start__ + SIZEOF (.ctors))
                0x0000000000000000                __ctors_size__ = SIZEOF (.ctors)
                0x0000000000001718                __ctors_load_end__ = __ctors_end__
                0x0000000000000001                . = ASSERT (((__ctors_start__ == __ctors_end__) || ((__ctors_end__ >= __FLASH_segment_start__) && (__ctors_end__ <= __FLASH_segment_end__))), error: .ctors is too large to fit in FLASH memory segment)
                0x0000000000001718                __rodata_load_start__ = ALIGN (__ctors_end__, 0x4)

.rodata         0x0000000000001718        0xe
                0x0000000000001718                __rodata_start__ = .
 *(.rodata .rodata.* .gnu.linkonce.r.*)
 .rodata.m_board_led_list
                0x0000000000001718        0x4 Output/blinky_pca10059_mbr Release/Obj/boards.o
 *fill*         0x000000000000171c        0x4 
 .rodata.delay_machine_code.7652
                0x0000000000001720        0x6 Output/blinky_pca10059_mbr Release/Obj/main.o
                0x0000000000001726                __rodata_end__ = (__rodata_start__ + SIZEOF (.rodata))
                0x000000000000000e                __rodata_size__ = SIZEOF (.rodata)
                0x0000000000001726                __rodata_load_end__ = __rodata_end__

.rel.dyn        0x0000000000001728        0x0
 .rel.iplt      0x0000000000001728        0x0 Output/blinky_pca10059_mbr Release/Obj/thumb_crt0.o
                0x0000000000000001                . = ASSERT (((__rodata_start__ == __rodata_end__) || ((__rodata_end__ >= __FLASH_segment_start__) && (__rodata_end__ <= __FLASH_segment_end__))), error: .rodata is too large to fit in FLASH memory segment)
                0x0000000000001728                __ARM.exidx_load_start__ = ALIGN (__rodata_end__, 0x4)

.ARM.exidx      0x0000000000001728        0x0
                0x0000000000001728                __ARM.exidx_start__ = .
                0x0000000000001728                __exidx_start = __ARM.exidx_start__
 *(.ARM.exidx .ARM.exidx.*)
                0x0000000000001728                __ARM.exidx_end__ = (__ARM.exidx_start__ + SIZEOF (.ARM.exidx))
                0x0000000000000000                __ARM.exidx_size__ = SIZEOF (.ARM.exidx)
                0x0000000000001728                __exidx_end = __ARM.exidx_end__
                0x0000000000001728                __ARM.exidx_load_end__ = __ARM.exidx_end__
                0x0000000000000001                . = ASSERT (((__ARM.exidx_start__ == __ARM.exidx_end__) || ((__ARM.exidx_end__ >= __FLASH_segment_start__) && (__ARM.exidx_end__ <= __FLASH_segment_end__))), error: .ARM.exidx is too large to fit in FLASH memory segment)
                0x0000000000001728                __fast_load_start__ = ALIGN (__ARM.exidx_end__, 0x4)

.fast           0x0000000020000008        0x0 load address 0x0000000000001728
                0x0000000020000008                __fast_start__ = .
 *(.fast .fast.*)
                0x0000000020000008                __fast_end__ = (__fast_start__ + SIZEOF (.fast))
                0x0000000000000000                __fast_size__ = SIZEOF (.fast)
                0x0000000000001728                __fast_load_end__ = (__fast_load_start__ + SIZEOF (.fast))
                0x0000000000000001                . = ASSERT (((__fast_load_start__ == __fast_load_end__) || ((__fast_load_end__ >= __FLASH_segment_start__) && (__fast_load_end__ <= __FLASH_segment_end__))), error: .fast is too large to fit in FLASH memory segment)

.fast_run       0x0000000020000008        0x0
                0x0000000020000008                __fast_run_start__ = .
                0x0000000020000008                . = MAX ((__fast_run_start__ + SIZEOF (.fast)), .)
                0x0000000020000008                __fast_run_end__ = (__fast_run_start__ + SIZEOF (.fast_run))
                0x0000000000000000                __fast_run_size__ = SIZEOF (.fast_run)
                0x0000000020000008                __fast_run_load_end__ = __fast_run_end__
                0x0000000000000001                . = ASSERT (((__fast_run_start__ == __fast_run_end__) || ((__fast_run_end__ >= __RAM_segment_start__) && (__fast_run_end__ <= __RAM_segment_end__))), error: .fast_run is too large to fit in RAM memory segment)
                0x0000000000001728                __data_load_start__ = ALIGN ((__fast_load_start__ + SIZEOF (.fast)), 0x4)

.data           0x0000000020000008        0x4 load address 0x0000000000001728
                0x0000000020000008                __data_start__ = .
 *(.data .data.* .gnu.linkonce.d.*)
 .data.SystemCoreClock
                0x0000000020000008        0x4 Output/blinky_pca10059_mbr Release/Obj/system_nrf52840.o
                0x0000000020000008                SystemCoreClock
                0x000000002000000c                __data_end__ = (__data_start__ + SIZEOF (.data))
                0x0000000000000004                __data_size__ = SIZEOF (.data)
                0x000000000000172c                __data_load_end__ = (__data_load_start__ + SIZEOF (.data))

.igot.plt       0x0000000100000000        0x0
 .igot.plt      0x0000000100000000        0x0 Output/blinky_pca10059_mbr Release/Obj/thumb_crt0.o
                0x0000000000000001                . = ASSERT (((__data_load_start__ == __data_load_end__) || ((__data_load_end__ >= __FLASH_segment_start__) && (__data_load_end__ <= __FLASH_segment_end__))), error: .data is too large to fit in FLASH memory segment)

.data_run       0x0000000020000008        0x4 load address 0x0000000000001728
                0x0000000020000008                __data_run_start__ = .
                0x000000002000000c                . = MAX ((__data_run_start__ + SIZEOF (.data)), .)
 *fill*         0x0000000020000008        0x4 
                0x000000002000000c                __data_run_end__ = (__data_run_start__ + SIZEOF (.data_run))
                0x0000000000000004                __data_run_size__ = SIZEOF (.data_run)
                0x000000002000000c                __data_run_load_end__ = __data_run_end__
                0x0000000000000001                . = ASSERT (((__data_run_start__ == __data_run_end__) || ((__data_run_end__ >= __RAM_segment_start__) && (__data_run_end__ <= __RAM_segment_end__))), error: .data_run is too large to fit in RAM memory segment)
                0x000000000000172c                __tdata_load_start__ = ALIGN ((__data_load_start__ + SIZEOF (.data)), 0x4)

.tdata          0x000000002000000c        0x0 load address 0x000000000000172c
                0x000000002000000c                __tdata_start__ = .
 *(.tdata .tdata.*)
                0x000000002000000c                __tdata_end__ = (__tdata_start__ + SIZEOF (.tdata))
                0x0000000000000000                __tdata_size__ = SIZEOF (.tdata)
                0x000000000000172c                __tdata_load_end__ = (__tdata_load_start__ + SIZEOF (.tdata))
                0x000000000000172c                __FLASH_segment_used_end__ = (ALIGN ((__data_load_start__ + SIZEOF (.data)), 0x4) + SIZEOF (.tdata))
                0x000000000000172c                __FLASH_segment_used_size__ = (__FLASH_segment_used_end__ - __FLASH_segment_start__)
                0x0000000000000001                . = ASSERT (((__tdata_load_start__ == __tdata_load_end__) || ((__tdata_load_end__ >= __FLASH_segment_start__) && (__tdata_load_end__ <= __FLASH_segment_end__))), error: .tdata is too large to fit in FLASH memory segment)

.tdata_run      0x000000002000000c        0x0
                0x000000002000000c                __tdata_run_start__ = .
                0x000000002000000c                . = MAX ((__tdata_run_start__ + SIZEOF (.tdata)), .)
                0x000000002000000c                __tdata_run_end__ = (__tdata_run_start__ + SIZEOF (.tdata_run))
                0x0000000000000000                __tdata_run_size__ = SIZEOF (.tdata_run)
                0x000000002000000c                __tdata_run_load_end__ = __tdata_run_end__
                0x0000000000000001                . = ASSERT (((__tdata_run_start__ == __tdata_run_end__) || ((__tdata_run_end__ >= __RAM_segment_start__) && (__tdata_run_end__ <= __RAM_segment_end__))), error: .tdata_run is too large to fit in RAM memory segment)
                0x000000002000000c                __bss_load_start__ = ALIGN (__tdata_run_end__, 0x4)

.bss            0x000000002000000c        0x0
                0x000000002000000c                __bss_start__ = .
 *(.bss .bss.* .gnu.linkonce.b.*)
 *(COMMON)
                0x000000002000000c                __bss_end__ = (__bss_start__ + SIZEOF (.bss))
                0x0000000000000000                __bss_size__ = SIZEOF (.bss)
                0x000000002000000c                __bss_load_end__ = __bss_end__
                0x0000000000000001                . = ASSERT (((__bss_start__ == __bss_end__) || ((__bss_end__ >= __RAM_segment_start__) && (__bss_end__ <= __RAM_segment_end__))), error: .bss is too large to fit in RAM memory segment)
                0x000000002000000c                __tbss_load_start__ = ALIGN (__bss_end__, 0x4)

.tbss           0x000000002000000c        0x0
                0x000000002000000c                __tbss_start__ = .
 *(.tbss .tbss.*)
                0x000000002000000c                __tbss_end__ = (__tbss_start__ + SIZEOF (.tbss))
                0x0000000000000000                __tbss_size__ = SIZEOF (.tbss)
                0x000000002000000c                __tbss_load_end__ = __tbss_end__
                0x0000000000000001                . = ASSERT (((__tbss_start__ == __tbss_end__) || ((__tbss_end__ >= __RAM_segment_start__) && (__tbss_end__ <= __RAM_segment_end__))), error: .tbss is too large to fit in RAM memory segment)
                0x000000002000000c                __non_init_load_start__ = ALIGN (__tbss_end__, 0x4)

.non_init       0x000000002000000c        0x0
                0x000000002000000c                __non_init_start__ = .
 *(.non_init .non_init.*)
                0x000000002000000c                __non_init_end__ = (__non_init_start__ + SIZEOF (.non_init))
                0x0000000000000000                __non_init_size__ = SIZEOF (.non_init)
                0x000000002000000c                __non_init_load_end__ = __non_init_end__
                0x0000000000000001                . = ASSERT (((__non_init_start__ == __non_init_end__) || ((__non_init_end__ >= __RAM_segment_start__) && (__non_init_end__ <= __RAM_segment_end__))), error: .non_init is too large to fit in RAM memory segment)
                0x000000002000000c                __heap_load_start__ = ALIGN (__non_init_end__, 0x4)

.heap           0x000000002000000c     0x2000
                0x000000002000000c                __heap_start__ = .
 *(.heap .heap.*)
                0x000000002000200c                . = ALIGN (MAX ((__heap_start__ + __HEAPSIZE__), .), 0x4)
 *fill*         0x000000002000000c     0x2000 
                0x000000002000200c                __heap_end__ = (__heap_start__ + SIZEOF (.heap))
                0x0000000000002000                __heap_size__ = SIZEOF (.heap)
                0x000000002000200c                __heap_load_end__ = __heap_end__
                0x0000000000000001                . = ASSERT (((__heap_start__ == __heap_end__) || ((__heap_end__ >= __RAM_segment_start__) && (__heap_end__ <= __RAM_segment_end__))), error: .heap is too large to fit in RAM memory segment)
                0x000000002003e000                __stack_load_start__ = (__RAM_segment_end__ - 0x2000)

.stack          0x000000002003e000     0x2000
                0x000000002003e000                __stack_start__ = .
                0x000000002003e000                __StackLimit = __stack_start__
 *(.stack .stack.*)
                0x0000000020040000                . = ALIGN (MAX ((__stack_start__ + __STACKSIZE__), .), 0x8)
 *fill*         0x000000002003e000     0x2000 
                0x0000000020040000                __stack_end__ = (__stack_start__ + SIZEOF (.stack))
                0x0000000000002000                __stack_size__ = SIZEOF (.stack)
                0x0000000020040000                __StackTop = __stack_end__
                0x0000000020040000                __stack_load_end__ = __stack_end__
                0x0000000000000001                . = ASSERT (((__stack_start__ == __stack_end__) || ((__stack_end__ >= __RAM_segment_start__) && (__stack_end__ <= __RAM_segment_end__))), error: .stack is too large to fit in RAM memory segment)
                0x0000000000000001                . = ASSERT ((__heap_end__ <= __stack_start__), error: section .heap overlaps absolute placed section .stack)
                0x0000000020040000                __stack_process_load_start__ = ALIGN (__stack_end__, 0x8)

.stack_process  0x0000000020040000        0x0
                0x0000000020040000                __stack_process_start__ = .
 *(.stack_process .stack_process.*)
                0x0000000020040000                . = ALIGN (MAX ((__stack_process_start__ + __STACKSIZE_PROCESS__), .), 0x8)
                0x0000000020040000                __stack_process_end__ = (__stack_process_start__ + SIZEOF (.stack_process))
                0x0000000000000000                __stack_process_size__ = SIZEOF (.stack_process)
                0x0000000020040000                __stack_process_load_end__ = __stack_process_end__
                0x0000000020040000                __RAM_segment_used_end__ = (ALIGN (__stack_end__, 0x8) + SIZEOF (.stack_process))
                0x0000000000040000                __RAM_segment_used_size__ = (__RAM_segment_used_end__ - __RAM_segment_start__)
                0x0000000000000001                . = ASSERT (((__stack_process_start__ == __stack_process_end__) || ((__stack_process_end__ >= __RAM_segment_start__) && (__stack_process_end__ <= __RAM_segment_end__))), error: .stack_process is too large to fit in RAM memory segment)
START GROUP
LOAD Output/blinky_pca10059_mbr Release/Obj/thumb_crt0.o
LOAD Output/blinky_pca10059_mbr Release/Obj/nrf_log_frontend.o
LOAD Output/blinky_pca10059_mbr Release/Obj/nrf_log_str_formatter.o
LOAD Output/blinky_pca10059_mbr Release/Obj/boards.o
LOAD Output/blinky_pca10059_mbr Release/Obj/app_error.o
LOAD Output/blinky_pca10059_mbr Release/Obj/app_error_handler_gcc.o
LOAD Output/blinky_pca10059_mbr Release/Obj/app_error_weak.o
LOAD Output/blinky_pca10059_mbr Release/Obj/app_util_platform.o
LOAD Output/blinky_pca10059_mbr Release/Obj/nrf_assert.o
LOAD Output/blinky_pca10059_mbr Release/Obj/nrf_atomic.o
LOAD Output/blinky_pca10059_mbr Release/Obj/nrf_balloc.o
LOAD Output/blinky_pca10059_mbr Release/Obj/nrf_fprintf.o
LOAD Output/blinky_pca10059_mbr Release/Obj/nrf_fprintf_format.o
LOAD Output/blinky_pca10059_mbr Release/Obj/nrf_memobj.o
LOAD Output/blinky_pca10059_mbr Release/Obj/nrf_ringbuf.o
LOAD Output/blinky_pca10059_mbr Release/Obj/nrf_strerror.o
LOAD Output/blinky_pca10059_mbr Release/Obj/nrfx_atomic.o
LOAD Output/blinky_pca10059_mbr Release/Obj/main.o
LOAD Output/blinky_pca10059_mbr Release/Obj/ses_startup_nrf52840.o
LOAD Output/blinky_pca10059_mbr Release/Obj/ses_startup_nrf_common.o
LOAD Output/blinky_pca10059_mbr Release/Obj/system_nrf52840.o
LOAD /usr/share/segger_embedded_studio_for_arm_3.34b/lib/libdebugio_mempoll_v7em_fpv4_sp_d16_hard_t_le_eabi.a
LOAD /usr/share/segger_embedded_studio_for_arm_3.34b/lib/libm_v7em_fpv4_sp_d16_hard_t_le_eabi.a
LOAD /usr/share/segger_embedded_studio_for_arm_3.34b/lib/libc_v7em_fpv4_sp_d16_hard_t_le_eabi.a
LOAD /usr/share/segger_embedded_studio_for_arm_3.34b/lib/libcpp_v7em_fpv4_sp_d16_hard_t_le_eabi.a
LOAD /usr/share/segger_embedded_studio_for_arm_3.34b/lib/libdebugio_v7em_fpv4_sp_d16_hard_t_le_eabi.a
LOAD /usr/share/segger_embedded_studio_for_arm_3.34b/lib/libvfprintf_v7em_fpv4_sp_d16_hard_t_le_eabi.o
LOAD /usr/share/segger_embedded_studio_for_arm_3.34b/lib/libvfscanf_v7em_fpv4_sp_d16_hard_t_le_eabi.o
END GROUP
OUTPUT(Output/Release/Exe/blinky_pca10059_mbr.elf elf32-littlearm)

.ARM.attributes
                0x0000000000000000       0x35
 .ARM.attributes
                0x0000000000000000       0x25 Output/blinky_pca10059_mbr Release/Obj/thumb_crt0.o
 .ARM.attributes
                0x0000000000000025       0x39 Output/blinky_pca10059_mbr Release/Obj/boards.o
 .ARM.attributes
                0x000000000000005e       0x39 Output/blinky_pca10059_mbr Release/Obj/main.o
 .ARM.attributes
                0x0000000000000097       0x25 Output/blinky_pca10059_mbr Release/Obj/ses_startup_nrf52840.o
 .ARM.attributes
                0x00000000000000bc       0x25 Output/blinky_pca10059_mbr Release/Obj/ses_startup_nrf_common.o
 .ARM.attributes
                0x00000000000000e1       0x39 Output/blinky_pca10059_mbr Release/Obj/system_nrf52840.o

.comment        0x0000000000000000       0x4c
 .comment       0x0000000000000000       0x4c Output/blinky_pca10059_mbr Release/Obj/boards.o
                                         0x4d (size before relaxing)
 .comment       0x000000000000004c       0x4d Output/blinky_pca10059_mbr Release/Obj/main.o
 .comment       0x000000000000004c       0x4d Output/blinky_pca10059_mbr Release/Obj/system_nrf52840.o

.debug_line     0x0000000000000000     0x137e
 .debug_line    0x0000000000000000      0x2a8 Output/blinky_pca10059_mbr Release/Obj/thumb_crt0.o
 .debug_line    0x00000000000002a8      0x6fd Output/blinky_pca10059_mbr Release/Obj/boards.o
 .debug_line    0x00000000000009a5      0x612 Output/blinky_pca10059_mbr Release/Obj/main.o
 .debug_line    0x0000000000000fb7       0x91 Output/blinky_pca10059_mbr Release/Obj/ses_startup_nrf52840.o
 .debug_line    0x0000000000001048       0xb0 Output/blinky_pca10059_mbr Release/Obj/ses_startup_nrf_common.o
 .debug_line    0x00000000000010f8      0x286 Output/blinky_pca10059_mbr Release/Obj/system_nrf52840.o

.debug_info     0x0000000000000000     0x366e
 .debug_info    0x0000000000000000       0xc0 Output/blinky_pca10059_mbr Release/Obj/thumb_crt0.o
 .debug_info    0x00000000000000c0     0x1916 Output/blinky_pca10059_mbr Release/Obj/boards.o
 .debug_info    0x00000000000019d6      0x77b Output/blinky_pca10059_mbr Release/Obj/main.o
 .debug_info    0x0000000000002151       0xd4 Output/blinky_pca10059_mbr Release/Obj/ses_startup_nrf52840.o
 .debug_info    0x0000000000002225       0xd6 Output/blinky_pca10059_mbr Release/Obj/ses_startup_nrf_common.o
 .debug_info    0x00000000000022fb     0x1373 Output/blinky_pca10059_mbr Release/Obj/system_nrf52840.o

.debug_abbrev   0x0000000000000000      0x7cd
 .debug_abbrev  0x0000000000000000       0x12 Output/blinky_pca10059_mbr Release/Obj/thumb_crt0.o
 .debug_abbrev  0x0000000000000012      0x39a Output/blinky_pca10059_mbr Release/Obj/boards.o
 .debug_abbrev  0x00000000000003ac      0x1e6 Output/blinky_pca10059_mbr Release/Obj/main.o
 .debug_abbrev  0x0000000000000592       0x14 Output/blinky_pca10059_mbr Release/Obj/ses_startup_nrf52840.o
 .debug_abbrev  0x00000000000005a6       0x14 Output/blinky_pca10059_mbr Release/Obj/ses_startup_nrf_common.o
 .debug_abbrev  0x00000000000005ba      0x213 Output/blinky_pca10059_mbr Release/Obj/system_nrf52840.o

.debug_aranges  0x0000000000000000      0x1e8
 .debug_aranges
                0x0000000000000000       0xe0 Output/blinky_pca10059_mbr Release/Obj/thumb_crt0.o
 .debug_aranges
                0x00000000000000e0       0x78 Output/blinky_pca10059_mbr Release/Obj/boards.o
 .debug_aranges
                0x0000000000000158       0x20 Output/blinky_pca10059_mbr Release/Obj/main.o
 .debug_aranges
                0x0000000000000178       0x20 Output/blinky_pca10059_mbr Release/Obj/ses_startup_nrf52840.o
 .debug_aranges
                0x0000000000000198       0x20 Output/blinky_pca10059_mbr Release/Obj/ses_startup_nrf_common.o
 .debug_aranges
                0x00000000000001b8       0x30 Output/blinky_pca10059_mbr Release/Obj/system_nrf52840.o

.debug_ranges   0x0000000000000000      0x200
 .debug_ranges  0x0000000000000000       0xd8 Output/blinky_pca10059_mbr Release/Obj/thumb_crt0.o
 .debug_ranges  0x00000000000000d8       0xa0 Output/blinky_pca10059_mbr Release/Obj/boards.o
 .debug_ranges  0x0000000000000178       0x68 Output/blinky_pca10059_mbr Release/Obj/main.o
 .debug_ranges  0x00000000000001e0       0x20 Output/blinky_pca10059_mbr Release/Obj/system_nrf52840.o

.debug_frame    0x0000000000000000      0x184
 .debug_frame   0x0000000000000000      0x108 Output/blinky_pca10059_mbr Release/Obj/boards.o
 .debug_frame   0x0000000000000108       0x30 Output/blinky_pca10059_mbr Release/Obj/main.o
 .debug_frame   0x0000000000000138       0x4c Output/blinky_pca10059_mbr Release/Obj/system_nrf52840.o

.debug_loc      0x0000000000000000      0x5cc
 .debug_loc     0x0000000000000000      0x52e Output/blinky_pca10059_mbr Release/Obj/boards.o
 .debug_loc     0x000000000000052e       0x9e Output/blinky_pca10059_mbr Release/Obj/main.o

.debug_pubnames
                0x0000000000000000      0x632
 .debug_pubnames
                0x0000000000000000      0x504 Output/blinky_pca10059_mbr Release/Obj/boards.o
 .debug_pubnames
                0x0000000000000504       0x46 Output/blinky_pca10059_mbr Release/Obj/main.o
 .debug_pubnames
                0x000000000000054a       0xe8 Output/blinky_pca10059_mbr Release/Obj/system_nrf52840.o

.debug_pubtypes
                0x0000000000000000      0x60f
 .debug_pubtypes
                0x0000000000000000      0x2a0 Output/blinky_pca10059_mbr Release/Obj/boards.o
 .debug_pubtypes
                0x00000000000002a0      0x1a7 Output/blinky_pca10059_mbr Release/Obj/main.o
 .debug_pubtypes
                0x0000000000000447      0x1c8 Output/blinky_pca10059_mbr Release/Obj/system_nrf52840.o

.debug_macro    0x0000000000000000     0x10a7
 .debug_macro   0x0000000000000000      0x243 Output/blinky_pca10059_mbr Release/Obj/boards.o
 .debug_macro   0x0000000000000243       0x1c Output/blinky_pca10059_mbr Release/Obj/boards.o
 .debug_macro   0x000000000000025f       0x26 Output/blinky_pca10059_mbr Release/Obj/boards.o
 .debug_macro   0x0000000000000285      0x430 Output/blinky_pca10059_mbr Release/Obj/boards.o
 .debug_macro   0x00000000000006b5       0x59 Output/blinky_pca10059_mbr Release/Obj/boards.o
 .debug_macro   0x000000000000070e       0x1f Output/blinky_pca10059_mbr Release/Obj/boards.o
 .debug_macro   0x000000000000072d      0x154 Output/blinky_pca10059_mbr Release/Obj/boards.o
 .debug_macro   0x0000000000000881       0x3f Output/blinky_pca10059_mbr Release/Obj/boards.o
 .debug_macro   0x00000000000008c0       0x6b Output/blinky_pca10059_mbr Release/Obj/boards.o
 .debug_macro   0x000000000000092b       0x49 Output/blinky_pca10059_mbr Release/Obj/boards.o
 .debug_macro   0x0000000000000974       0x8c Output/blinky_pca10059_mbr Release/Obj/boards.o
 .debug_macro   0x0000000000000a00       0x19 Output/blinky_pca10059_mbr Release/Obj/boards.o
 .debug_macro   0x0000000000000a19       0x1d Output/blinky_pca10059_mbr Release/Obj/boards.o
 .debug_macro   0x0000000000000a36       0x35 Output/blinky_pca10059_mbr Release/Obj/boards.o
 .debug_macro   0x0000000000000a6b       0x7b Output/blinky_pca10059_mbr Release/Obj/boards.o
 .debug_macro   0x0000000000000ae6       0x64 Output/blinky_pca10059_mbr Release/Obj/boards.o
 .debug_macro   0x0000000000000b4a       0x20 Output/blinky_pca10059_mbr Release/Obj/boards.o
 .debug_macro   0x0000000000000b6a       0x16 Output/blinky_pca10059_mbr Release/Obj/boards.o
 .debug_macro   0x0000000000000b80       0x9a Output/blinky_pca10059_mbr Release/Obj/boards.o
 .debug_macro   0x0000000000000c1a      0x16d Output/blinky_pca10059_mbr Release/Obj/boards.o
 .debug_macro   0x0000000000000d87      0x24d Output/blinky_pca10059_mbr Release/Obj/main.o
 .debug_macro   0x0000000000000fd4       0x1c Output/blinky_pca10059_mbr Release/Obj/main.o
 .debug_macro   0x0000000000000ff0       0xb7 Output/blinky_pca10059_mbr Release/Obj/system_nrf52840.o

.debug_str      0x0000000000000000    0x809c4
 .debug_str     0x0000000000000000    0x804be Output/blinky_pca10059_mbr Release/Obj/boards.o
                                      0x816a5 (size before relaxing)
 .debug_str     0x00000000000804be       0xee Output/blinky_pca10059_mbr Release/Obj/main.o
                                      0x80f1f (size before relaxing)
 .debug_str     0x00000000000805ac      0x418 Output/blinky_pca10059_mbr Release/Obj/system_nrf52840.o
                                      0x72b8f (size before relaxing)
